campaign "Quake II"
"Unit 1: Base" "map *ntro.cin+base1"
"Unit 2: Warehouse" "map eou1_.cin+*bunk1"
"Unit 3: Jail" "map eou2_.cin+*jail1"
"Unit 4: Mines" "map eou3_.cin+*mintro"
"Unit 5: Factory" "map eou4_.cin+*fact1"
"Unit 6: Power & Cooling" "map eou5_.cin+*power1"
"Unit 7: Big Gun" "map eou6_.cin+*biggun"
"Unit 8: Hangar" "map eou7_.cin+*hangar1"
"Unit 9: City" "map eou8_.cin+*city1"
"Unit 10: Boss" "map *boss1"

campaign "The Reckoning"
"Unit 1: Swamps" "map *xin.cin+xswamp"
"Unit 2: Compound" "map xu1.cin+*xcompnd1"
"Unit 3: Industry" "map xu2.cin+*industry"
"Unit 4: Hangar" "map xu3.cin+*xhangar1"
"Unit 5: Ship" "map *xship"
"Unit 6: Moon" "map xu4.cin+*xmoon1"

campaign "Ground Zero"
"Unit 1: Mines" "map *rintro.cin+rmine1"
"Unit 2: Warehouse" "map reu1_.cin+*rware1"
"Unit 3: Hangar" "map reu2_.cin+*rhangar1"
"Unit 4: Ammunitions" "map reu3_.cin+*rammo1"
"Unit 5: Boss" "map reu4_.cin+*rboss"
